[1m[31m[31mX [41;31m[[41;97mERROR[41;31m][0m [1mTS2307: Cannot find module '../../components/cabala-mascot/cabala-mascot.component' or its corresponding type declarations.[0m [1m[35m[plugin angular-compiler][0m

    src/app/pages/chat-page/chat-page.component.ts:5:38:
[37m      5 │ ...ent } from [32m'../../components/cabala-mascot/cabala-mascot.compone[37m...
        ╵               [32m~~~~~~~~~~~~~~~~~~~~~~~~~~~~~~~~~~~~~~~~~~~~~~~~~~~~~[0m


[31mX [41;31m[[41;97mERROR[41;31m][0m [1mNG1010: 'imports' must be an array of components, directives, pipes, or NgModules.
  Value could not be determined statically.[0m [1m[35m[plugin angular-compiler][0m

    src/app/pages/chat-page/chat-page.component.ts:11:39:
[37m      11 │   imports: [CommonModule, FormsModule, [32mCabalaMascotComponent[37m],
         ╵                                        [32m~~~~~~~~~~~~~~~~~~~~~[0m

  Unknown reference.

    src/app/pages/chat-page/chat-page.component.ts:11:39:
[37m      11 │   imports: [CommonModule, FormsModule, [32mCabalaMascotComponent[37m],
         ╵                                        [32m~~~~~~~~~~~~~~~~~~~~~[0m


[31mX [41;31m[[41;97mERROR[41;31m][0m [1mTS2307: Cannot find module '../../components/cabala-mascot/cabala-mascot.component' or its corresponding type declarations.[0m [1m[35m[plugin angular-compiler][0m

    src/app/pages/landing-page/landing-page.component.ts:5:38:
[37m      5 │ ...ent } from [32m'../../components/cabala-mascot/cabala-mascot.compone[37m...
        ╵               [32m~~~~~~~~~~~~~~~~~~~~~~~~~~~~~~~~~~~~~~~~~~~~~~~~~~~~~[0m


[31mX [41;31m[[41;97mERROR[41;31m][0m [1mNG1010: 'imports' must be an array of components, directives, pipes, or NgModules.
  Value could not be determined statically.[0m [1m[35m[plugin angular-compiler][0m

    src/app/pages/landing-page/landing-page.component.ts:10:51:
[37m      10 │ ...s: [CommonModule, FormsModule, RouterLink, [32mCabalaMascotComponent[37m],
         ╵                                               [32m~~~~~~~~~~~~~~~~~~~~~[0m

  Unknown reference.

    src/app/pages/landing-page/landing-page.component.ts:10:51:
[37m      10 │ ...s: [CommonModule, FormsModule, RouterLink, [32mCabalaMascotComponent[37m],
         ╵                                               [32m~~~~~~~~~~~~~~~~~~~~~[0m


[31mX [41;31m[[41;97mERROR[41;31m][0m [1mCould not resolve "../../components/cabala-mascot/cabala-mascot.component"[0m

    src/app/pages/chat-page/chat-page.component.ts:6:38:
[37m      6 │ ...ent } from [32m'../../components/cabala-mascot/cabala-mascot.compone[37m...
        ╵               [32m~~~~~~~~~~~~~~~~~~~~~~~~~~~~~~~~~~~~~~~~~~~~~~~~~~~~~[0m


[31mX [41;31m[[41;97mERROR[41;31m][0m [1mCould not resolve "../../components/cabala-mascot/cabala-mascot.component"[0m

    src/app/pages/landing-page/landing-page.component.ts:6:38:
[37m      6 │ ...ent } from [32m'../../components/cabala-mascot/cabala-mascot.compone[37m...
        ╵               [32m~~~~~~~~~~~~~~~~~~~~~~~~~~~~~~~~~~~~~~~~~~~~~~~~~~~~~[0m

[39m[22m
[1m[31m[31mX [41;31m[[41;97mERROR[41;31m][0m [1mTS2307: Cannot find module '../../components/cabala-mascot/cabala-mascot.component' or its corresponding type declarations.[0m [1m[35m[plugin angular-compiler][0m

    src/app/pages/chat-page/chat-page.component.ts:5:38:
[37m      5 │ ...ent } from [32m'../../components/cabala-mascot/cabala-mascot.compone[37m...
        ╵               [32m~~~~~~~~~~~~~~~~~~~~~~~~~~~~~~~~~~~~~~~~~~~~~~~~~~~~~[0m


[31mX [41;31m[[41;97mERROR[41;31m][0m [1mNG1010: 'imports' must be an array of components, directives, pipes, or NgModules.
  Value could not be determined statically.[0m [1m[35m[plugin angular-compiler][0m

    src/app/pages/chat-page/chat-page.component.ts:11:39:
[37m      11 │   imports: [CommonModule, FormsModule, [32mCabalaMascotComponent[37m],
         ╵                                        [32m~~~~~~~~~~~~~~~~~~~~~[0m

  Unknown reference.

    src/app/pages/chat-page/chat-page.component.ts:11:39:
[37m      11 │   imports: [CommonModule, FormsModule, [32mCabalaMascotComponent[37m],
         ╵                                        [32m~~~~~~~~~~~~~~~~~~~~~[0m


[31mX [41;31m[[41;97mERROR[41;31m][0m [1mTS2307: Cannot find module '../../components/cabala-mascot/cabala-mascot.component' or its corresponding type declarations.[0m [1m[35m[plugin angular-compiler][0m

    src/app/pages/landing-page/landing-page.component.ts:5:38:
[37m      5 │ ...ent } from [32m'../../components/cabala-mascot/cabala-mascot.compone[37m...
        ╵               [32m~~~~~~~~~~~~~~~~~~~~~~~~~~~~~~~~~~~~~~~~~~~~~~~~~~~~~[0m


[31mX [41;31m[[41;97mERROR[41;31m][0m [1mNG1010: 'imports' must be an array of components, directives, pipes, or NgModules.
  Value could not be determined statically.[0m [1m[35m[plugin angular-compiler][0m

    src/app/pages/landing-page/landing-page.component.ts:10:51:
[37m      10 │ ...s: [CommonModule, FormsModule, RouterLink, [32mCabalaMascotComponent[37m],
         ╵                                               [32m~~~~~~~~~~~~~~~~~~~~~[0m

  Unknown reference.

    src/app/pages/landing-page/landing-page.component.ts:10:51:
[37m      10 │ ...s: [CommonModule, FormsModule, RouterLink, [32mCabalaMascotComponent[37m],
         ╵                                               [32m~~~~~~~~~~~~~~~~~~~~~[0m


[31mX [41;31m[[41;97mERROR[41;31m][0m [1mCould not resolve "../../components/cabala-mascot/cabala-mascot.component"[0m

    src/app/pages/chat-page/chat-page.component.ts:6:38:
[37m      6 │ ...ent } from [32m'../../components/cabala-mascot/cabala-mascot.compone[37m...
        ╵               [32m~~~~~~~~~~~~~~~~~~~~~~~~~~~~~~~~~~~~~~~~~~~~~~~~~~~~~[0m


[31mX [41;31m[[41;97mERROR[41;31m][0m [1mCould not resolve "../../components/cabala-mascot/cabala-mascot.component"[0m

    src/app/pages/landing-page/landing-page.component.ts:6:38:
[37m      6 │ ...ent } from [32m'../../components/cabala-mascot/cabala-mascot.compone[37m...
        ╵               [32m~~~~~~~~~~~~~~~~~~~~~~~~~~~~~~~~~~~~~~~~~~~~~~~~~~~~~[0m

[39m[22m
[1m[31m[31mX [41;31m[[41;97mERROR[41;31m][0m [1mTS2307: Cannot find module '../../components/cabala-mascot/cabala-mascot.component' or its corresponding type declarations.[0m [1m[35m[plugin angular-compiler][0m

    src/app/pages/chat-page/chat-page.component.ts:5:38:
[37m      5 │ ...ent } from [32m'../../components/cabala-mascot/cabala-mascot.compone[37m...
        ╵               [32m~~~~~~~~~~~~~~~~~~~~~~~~~~~~~~~~~~~~~~~~~~~~~~~~~~~~~[0m


[31mX [41;31m[[41;97mERROR[41;31m][0m [1mNG1010: 'imports' must be an array of components, directives, pipes, or NgModules.
  Value could not be determined statically.[0m [1m[35m[plugin angular-compiler][0m

    src/app/pages/chat-page/chat-page.component.ts:11:39:
[37m      11 │   imports: [CommonModule, FormsModule, [32mCabalaMascotComponent[37m],
         ╵                                        [32m~~~~~~~~~~~~~~~~~~~~~[0m

  Unknown reference.

    src/app/pages/chat-page/chat-page.component.ts:11:39:
[37m      11 │   imports: [CommonModule, FormsModule, [32mCabalaMascotComponent[37m],
         ╵                                        [32m~~~~~~~~~~~~~~~~~~~~~[0m


[31mX [41;31m[[41;97mERROR[41;31m][0m [1mTS2307: Cannot find module '../../components/cabala-mascot/cabala-mascot.component' or its corresponding type declarations.[0m [1m[35m[plugin angular-compiler][0m

    src/app/pages/landing-page/landing-page.component.ts:5:38:
[37m      5 │ ...ent } from [32m'../../components/cabala-mascot/cabala-mascot.compone[37m...
        ╵               [32m~~~~~~~~~~~~~~~~~~~~~~~~~~~~~~~~~~~~~~~~~~~~~~~~~~~~~[0m


[31mX [41;31m[[41;97mERROR[41;31m][0m [1mNG1010: 'imports' must be an array of components, directives, pipes, or NgModules.
  Value could not be determined statically.[0m [1m[35m[plugin angular-compiler][0m

    src/app/pages/landing-page/landing-page.component.ts:10:51:
[37m      10 │ ...s: [CommonModule, FormsModule, RouterLink, [32mCabalaMascotComponent[37m],
         ╵                                               [32m~~~~~~~~~~~~~~~~~~~~~[0m

  Unknown reference.

    src/app/pages/landing-page/landing-page.component.ts:10:51:
[37m      10 │ ...s: [CommonModule, FormsModule, RouterLink, [32mCabalaMascotComponent[37m],
         ╵                                               [32m~~~~~~~~~~~~~~~~~~~~~[0m


[31mX [41;31m[[41;97mERROR[41;31m][0m [1mCould not resolve "../../components/cabala-mascot/cabala-mascot.component"[0m

    src/app/pages/chat-page/chat-page.component.ts:6:38:
[37m      6 │ ...ent } from [32m'../../components/cabala-mascot/cabala-mascot.compone[37m...
        ╵               [32m~~~~~~~~~~~~~~~~~~~~~~~~~~~~~~~~~~~~~~~~~~~~~~~~~~~~~[0m


[31mX [41;31m[[41;97mERROR[41;31m][0m [1mCould not resolve "../../components/cabala-mascot/cabala-mascot.component"[0m

    src/app/pages/landing-page/landing-page.component.ts:6:38:
[37m      6 │ ...ent } from [32m'../../components/cabala-mascot/cabala-mascot.compone[37m...
        ╵               [32m~~~~~~~~~~~~~~~~~~~~~~~~~~~~~~~~~~~~~~~~~~~~~~~~~~~~~[0m

[39m[22m
